"""The 5-text_indentation
Function to be tested: text_indentation()
"""
>>> import sys
>>> sys.path.append('/root/alx-higher_level_programming/0x07-python-test_driven_development')

>>> text_indentation = __import__('5-text_indentation').text_indentation

>>> text_indentation("Benson.")
Benson.


>>> text_indentation("Benson?")
Benson?


>>> text_indentation("Benson:")
Benson:


>>> text_indentation(4)
Traceback (most recent call last):
...
TypeError: text must be a string
